Using network 'development'.


Compiling your contracts...
===========================
> Compiling .\contracts\TicketSystem.sol
> Artifacts written to C:\Users\Tukiya\AppData\Local\Temp\test--25380-ZxRh4qN02lUi
> Compiled successfully using:
   - solc: 0.8.19+commit.7dd6d404.Emscripten.clang

[0m[0m
[0m  Contract: TicketSystem[0m
[0m    Deployment[0m
    [32m  ΓêÜ[0m[90m should deploy successfully[0m
    [32m  ΓêÜ[0m[90m should have correct initial values[0m
[0m    Event Creation[0m
    [32m  ΓêÜ[0m[90m should create an event successfully[0m
    [32m  ΓêÜ[0m[90m should store event details correctly[0m[33m (41ms)[0m
    [32m  ΓêÜ[0m[90m should increment event counter[0m[33m (62ms)[0m
    [32m  ΓêÜ[0m[90m should reject event with zero tickets[0m[31m (176ms)[0m
    [32m  ΓêÜ[0m[90m should reject event with zero price[0m
[0m    Ticket Purchase[0m
    [32m  ΓêÜ[0m[90m should allow buying a ticket[0m
    [32m  ΓêÜ[0m[90m should update tickets sold counter[0m[31m (87ms)[0m
    [32m  ΓêÜ[0m[90m should transfer payment to organizer[0m
    [32m  ΓêÜ[0m[90m should reject purchase with insufficient payment[0m
    [32m  ΓêÜ[0m[90m should reject purchase when sold out[0m[31m (80ms)[0m
[0m    Ticket Validation[0m
    [32m  ΓêÜ[0m[90m should validate a ticket successfully[0m
    [32m  ΓêÜ[0m[90m should mark ticket as used after validation[0m
    [32m  ΓêÜ[0m[90m should only allow organizer to validate[0m
    [32m  ΓêÜ[0m[90m should reject validating already used ticket[0m[33m (39ms)[0m
[0m    Ticket Transfer[0m
    [32m  ΓêÜ[0m[90m should transfer ticket successfully[0m
    [32m  ΓêÜ[0m[90m should update ticket owner after transfer[0m[33m (42ms)[0m
    [32m  ΓêÜ[0m[90m should only allow owner to transfer[0m
    [32m  ΓêÜ[0m[90m should reject transfer of used ticket[0m
[0m    Getter Functions[0m
    [32m  ΓêÜ[0m[90m should get user tickets correctly[0m
    [32m  ΓêÜ[0m[90m should return empty array for user with no tickets[0m


[92m [0m[32m 22 passing[0m[90m (2s)[0m

